20:22:04 **** Incremental Build of configuration Debug for project audio ****
make all 
make --no-print-directory pre-build
a9-linaro-pre-build-step
' '
make --no-print-directory main-build
'Building file: ../src/fft.c'
'Invoking: ARM v7 g++ compiler'
arm-none-eabi-g++ -Wall -O0 -g3 -c -fmessage-length=0 -MT"src/fft.o" -mcpu=cortex-a9 -mfpu=vfpv3 -mfloat-abi=hard -IC:/KDevelop/guitar-tuner/Vitis/ip_design_wrapper/export/ip_design_wrapper/sw/ip_design_wrapper/standalone_ps7_cortexa9_0/bspinclude/include -MMD -MP -MF"src/fft.d" -MT"src/fft.o" -o "src/fft.o" "../src/fft.c"
'Finished building: ../src/fft.c'
' '
'Building file: ../src/helloworld.c'
'Invoking: ARM v7 g++ compiler'
arm-none-eabi-g++ -Wall -O0 -g3 -c -fmessage-length=0 -MT"src/helloworld.o" -mcpu=cortex-a9 -mfpu=vfpv3 -mfloat-abi=hard -IC:/KDevelop/guitar-tuner/Vitis/ip_design_wrapper/export/ip_design_wrapper/sw/ip_design_wrapper/standalone_ps7_cortexa9_0/bspinclude/include -MMD -MP -MF"src/helloworld.d" -MT"src/helloworld.o" -o "src/helloworld.o" "../src/helloworld.c"
'Finished building: ../src/helloworld.c'
' '
'Building target: audio.elf'
'Invoking: ARM v7 g++ linker'
arm-none-eabi-g++ -mcpu=cortex-a9 -mfpu=vfpv3 -mfloat-abi=hard -Wl,-build-id=none -specs=Xilinx.spec -Wl,-T -Wl,../src/lscript.ld -LC:/KDevelop/guitar-tuner/Vitis/ip_design_wrapper/export/ip_design_wrapper/sw/ip_design_wrapper/standalone_ps7_cortexa9_0/bsplib/lib -o "audio.elf"  ./src/fft.o ./src/helloworld.o   -Wl,--start-group,-lxil,-lgcc,-lc,-lstdc++,--end-group
'Finished building target: audio.elf'
' '
'Invoking: ARM v7 Print Size'
arm-none-eabi-size audio.elf  |tee "audio.elf.size"
   text	   data	    bss	    dec	    hex	filename
  40392	   2256	  24504	  67152	  10650	audio.elf
'Finished building: audio.elf.size'
' '

20:22:05 Build Finished (took 876ms)

