11:05:15 **** Build of configuration Debug for project audio ****
make all 
make --no-print-directory pre-build
a9-linaro-pre-build-step
' '
make --no-print-directory main-build
'Building file: ../src/audio.c'
'Invoking: ARM v7 g++ compiler'
arm-none-eabi-g++ -Wall -O0 -g3 -c -fmessage-length=0 -MT"src/audio.o" -mcpu=cortex-a9 -mfpu=vfpv3 -mfloat-abi=hard -IC:/KDevelop/guitar-tuner/Vitis/design_1_wrapper/export/design_1_wrapper/sw/design_1_wrapper/standalone_ps7_cortexa9_0/bspinclude/include -MMD -MP -MF"src/audio.d" -MT"src/audio.o" -o "src/audio.o" "../src/audio.c"
'Finished building: ../src/audio.c'
' '
'Building file: ../src/cplx_data.c'
'Invoking: ARM v7 g++ compiler'
arm-none-eabi-g++ -Wall -O0 -g3 -c -fmessage-length=0 -MT"src/cplx_data.o" -mcpu=cortex-a9 -mfpu=vfpv3 -mfloat-abi=hard -IC:/KDevelop/guitar-tuner/Vitis/design_1_wrapper/export/design_1_wrapper/sw/design_1_wrapper/standalone_ps7_cortexa9_0/bspinclude/include -MMD -MP -MF"src/cplx_data.d" -MT"src/cplx_data.o" -o "src/cplx_data.o" "../src/cplx_data.c"
'Finished building: ../src/cplx_data.c'
' '
'Building file: ../src/dma_accel.c'
'Invoking: ARM v7 g++ compiler'
arm-none-eabi-g++ -Wall -O0 -g3 -c -fmessage-length=0 -MT"src/dma_accel.o" -mcpu=cortex-a9 -mfpu=vfpv3 -mfloat-abi=hard -IC:/KDevelop/guitar-tuner/Vitis/design_1_wrapper/export/design_1_wrapper/sw/design_1_wrapper/standalone_ps7_cortexa9_0/bspinclude/include -MMD -MP -MF"src/dma_accel.d" -MT"src/dma_accel.o" -o "src/dma_accel.o" "../src/dma_accel.c"
'Finished building: ../src/dma_accel.c'
' '
'Building file: ../src/fft.c'
'Invoking: ARM v7 g++ compiler'
arm-none-eabi-g++ -Wall -O0 -g3 -c -fmessage-length=0 -MT"src/fft.o" -mcpu=cortex-a9 -mfpu=vfpv3 -mfloat-abi=hard -IC:/KDevelop/guitar-tuner/Vitis/design_1_wrapper/export/design_1_wrapper/sw/design_1_wrapper/standalone_ps7_cortexa9_0/bspinclude/include -MMD -MP -MF"src/fft.d" -MT"src/fft.o" -o "src/fft.o" "../src/fft.c"
../src/fft.c: In function 'void fft_convert_normalized(fft_t*, short int*)':
../src/fft.c:228:6: warning: unused variable 'test' [-Wunused-variable]
  228 |  int test = 1;
      |      ^~~~
'Finished building: ../src/fft.c'
' '
'Building file: ../src/helloworld.c'
'Invoking: ARM v7 g++ compiler'
arm-none-eabi-g++ -Wall -O0 -g3 -c -fmessage-length=0 -MT"src/helloworld.o" -mcpu=cortex-a9 -mfpu=vfpv3 -mfloat-abi=hard -IC:/KDevelop/guitar-tuner/Vitis/design_1_wrapper/export/design_1_wrapper/sw/design_1_wrapper/standalone_ps7_cortexa9_0/bspinclude/include -MMD -MP -MF"src/helloworld.d" -MT"src/helloworld.o" -o "src/helloworld.o" "../src/helloworld.c"
In file included from ../src/helloworld.c:24:
C:/KDevelop/guitar-tuner/Vitis/design_1_wrapper/export/design_1_wrapper/sw/design_1_wrapper/standalone_ps7_cortexa9_0/bspinclude/include/xbasic_types.h:98:2: warning: #warning The xbasics_type.h file is deprecated and users should use xil_types.h and xil_assert. [-Wcpp]
   98 | #warning  The xbasics_type.h file is deprecated and users should use xil_types.h and xil_assert.
      |  ^~~~~~~
C:/KDevelop/guitar-tuner/Vitis/design_1_wrapper/export/design_1_wrapper/sw/design_1_wrapper/standalone_ps7_cortexa9_0/bspinclude/include/xbasic_types.h:99:2: warning: #warning Please refer the Standalone BSP UG647 for further details [-Wcpp]
   99 | #warning  Please refer the Standalone BSP UG647 for further details
      |  ^~~~~~~
'Finished building: ../src/helloworld.c'
' '
'Building file: ../src/hps.c'
'Invoking: ARM v7 g++ compiler'
arm-none-eabi-g++ -Wall -O0 -g3 -c -fmessage-length=0 -MT"src/hps.o" -mcpu=cortex-a9 -mfpu=vfpv3 -mfloat-abi=hard -IC:/KDevelop/guitar-tuner/Vitis/design_1_wrapper/export/design_1_wrapper/sw/design_1_wrapper/standalone_ps7_cortexa9_0/bspinclude/include -MMD -MP -MF"src/hps.d" -MT"src/hps.o" -o "src/hps.o" "../src/hps.c"
In file included from ../src/hps.c:24:
C:/KDevelop/guitar-tuner/Vitis/design_1_wrapper/export/design_1_wrapper/sw/design_1_wrapper/standalone_ps7_cortexa9_0/bspinclude/include/xbasic_types.h:98:2: warning: #warning The xbasics_type.h file is deprecated and users should use xil_types.h and xil_assert. [-Wcpp]
   98 | #warning  The xbasics_type.h file is deprecated and users should use xil_types.h and xil_assert.
      |  ^~~~~~~
C:/KDevelop/guitar-tuner/Vitis/design_1_wrapper/export/design_1_wrapper/sw/design_1_wrapper/standalone_ps7_cortexa9_0/bspinclude/include/xbasic_types.h:99:2: warning: #warning Please refer the Standalone BSP UG647 for further details [-Wcpp]
   99 | #warning  Please refer the Standalone BSP UG647 for further details
      |  ^~~~~~~
'Finished building: ../src/hps.c'
' '
'Building target: audio.elf'
'Invoking: ARM v7 g++ linker'
arm-none-eabi-g++ -mcpu=cortex-a9 -mfpu=vfpv3 -mfloat-abi=hard -Wl,-build-id=none -specs=Xilinx.spec -Wl,-T -Wl,../src/lscript.ld -LC:/KDevelop/guitar-tuner/Vitis/design_1_wrapper/export/design_1_wrapper/sw/design_1_wrapper/standalone_ps7_cortexa9_0/bsplib/lib -o "audio.elf"  ./src/audio.o ./src/cplx_data.o ./src/dma_accel.o ./src/fft.o ./src/helloworld.o ./src/hps.o   -Wl,--start-group,-lxil,-lgcc,-lc,-lstdc++,--end-group
'Finished building target: audio.elf'
' '
'Invoking: ARM v7 Print Size'
arm-none-eabi-size audio.elf  |tee "audio.elf.size"
   text	   data	    bss	    dec	    hex	filename
  93980	   3437	 284800	 382217	  5d509	audio.elf
'Finished building: audio.elf.size'
' '

11:05:17 Build Finished (took 2s.144ms)

